// Jest Snapshot v1, https://goo.gl/fbAQLP

exports[`Pruebas en el GifGrid Debe mostrarse correctamente 1`] = `
<Fragment>
  <h2
    className="animate__animated animate__fadeInDown"
  >
     
    Naruto
     
  </h2>
  <p
    className="animate__animated animate__flash animate__slow"
  >
    Loading...
  </p>
  <div
    className="card-grid"
  />
</Fragment>
`;
